[WinError 10049] The requested address is not valid in its context
[WinError 10049] The requested address is not valid in its context
[Errno 11001] getaddrinfo failed
[WinError 10061] No connection could be made because the target machine actively refused it
[WinError 10061] No connection could be made because the target machine actively refused it
[WinError 10061] No connection could be made because the target machine actively refused it
[WinError 10061] No connection could be made because the target machine actively refused it
[WinError 10061] No connection could be made because the target machine actively refused it
